// Jest Snapshot v1, https://goo.gl/fbAQLP

exports[`--print-config 1`] = `"/*________/______/____*//*_____/////////_____////////__*//*___//_____________/_____/__*//*__/_______________////___*//*_/________________////////__*//*_//______________/______//_*//*__///___________//______/__*//*____////___////___*//*_______/////////______/////////_____*/CommandIssued:c8--print-configConfigFileLoaded:./.nycrcDerivedConfigurationfromCLIoptionsandconfigurationfile100:falseprint-config:truereporter:[\\"html\\",\\"text\\"]lines:95branches:82statements:95config:'./.nycrc'reports-dir:'./coverage'report-dir:'./coverage'all:falsesrc:undefinedexclude-node-modules:trueinclude:[]exclude:[\\"coverage/**\\",\\"packages/*/test{,s}/**\\",\\"**/*.d.ts\\",\\"test{,s}/**\\",\\"test{,-*}.{js,cjs,mjs,ts,tsx,jsx}\\",\\"**/*{.,-}test.{js,cjs,mjs,ts,tsx,jsx}\\",\\"**/__tests__/**\\",\\"**/{ava,babel,nyc}.config.{js,cjs,mjs}\\",\\"**/jest.config.{js,cjs,mjs,ts}\\",\\"**/{karma,rollup,webpack}.config.js\\",\\"**/.{eslint,mocha}rc.{js,cjs}\\"]extension:[\\".js\\",\\".cjs\\",\\".mjs\\",\\".ts\\",\\".tsx\\",\\".jsx\\"]exclude-after-remap:falseskip-full:falsecheck-coverage:falsefunctions:0per-file:falsetemp-directory:'./coverage/tmp'clean:trueresolve:''omit-relative:trueallow-external:falsemerge-async:falseprint-config-format:'text'"`;

exports[`--print-config=false 1`] = `""`;

exports[`--print-config=false 2`] = `"zeropositivenegative--------------|---------|----------|---------|---------|-------------------File|%Stmts|%Branch|%Funcs|%Lines|UncoveredLine#s--------------|---------|----------|---------|---------|-------------------Allfiles|64.28|66.66|50|64.28|vanilla|78.26|75|100|78.26|loaded.js|73.68|71.42|100|73.68|4-5,16-18main.js|100|100|100|100|vanilla/dir|0|0|0|0|unloaded.js|0|0|0|0|1-5--------------|---------|----------|---------|---------|-------------------"`;

exports[`--print-config=true 1`] = `"/*________/______/____*//*_____/////////_____////////__*//*___//_____________/_____/__*//*__/_______________////___*//*_/________________////////__*//*_//______________/______//_*//*__///___________//______/__*//*____////___////___*//*_______/////////______/////////_____*/CommandIssued:c8--print-config=trueConfigFileLoaded:./.nycrcDerivedConfigurationfromCLIoptionsandconfigurationfile100:falseprint-config:truereporter:[\\"html\\",\\"text\\"]lines:95branches:82statements:95config:'./.nycrc'reports-dir:'./coverage'report-dir:'./coverage'all:falsesrc:undefinedexclude-node-modules:trueinclude:[]exclude:[\\"coverage/**\\",\\"packages/*/test{,s}/**\\",\\"**/*.d.ts\\",\\"test{,s}/**\\",\\"test{,-*}.{js,cjs,mjs,ts,tsx,jsx}\\",\\"**/*{.,-}test.{js,cjs,mjs,ts,tsx,jsx}\\",\\"**/__tests__/**\\",\\"**/{ava,babel,nyc}.config.{js,cjs,mjs}\\",\\"**/jest.config.{js,cjs,mjs,ts}\\",\\"**/{karma,rollup,webpack}.config.js\\",\\"**/.{eslint,mocha}rc.{js,cjs}\\"]extension:[\\".js\\",\\".cjs\\",\\".mjs\\",\\".ts\\",\\".tsx\\",\\".jsx\\"]exclude-after-remap:falseskip-full:falsecheck-coverage:falsefunctions:0per-file:falsetemp-directory:'./coverage/tmp'clean:trueresolve:''omit-relative:trueallow-external:falsemerge-async:falseprint-config-format:'text'"`;

exports[`ensure the help message is correct 1`] = `"c8.js[opts][script][opts]Commands:c8.jscheck-coveragecheckwhethercoverageiswithinthresholdsprovidedc8.jsreportreadV8coveragedatafromtempandoutputreportReportingoptions-r,--reportercoveragereporter(s)touse[default:\\"text\\"]-o,--reports-dir,--report-dirdirectorywherecoveragereportswillbeoutputto[default:\\"./coverage\\"]--allsupplying--allwillcausec8toconsiderallsrcfilesinthecurrentworkingdirectorywhenthedeterminingcoverage.Respectsinclude/exclude.[boolean][default:false]--srcsupplying--srcwilloverridecwdasthedefaultlocationwhere--alllooksforsrcfiles.--srccanbesuppliedmultipletimesandeachdirectorywillbeincluded.Thisallowsforworkspacesspanningmultipleprojects[string]-n,--includealistofspecificfilesthatshouldbecovered(globpatternsaresupported)[default:[]]-x,--excludealistofspecificfilesanddirectoriesthatshouldbeexcludedfromcoverage(globpatternsaresupported)[default:[\\"coverage/**\\",\\"packages/*/test{,s}/**\\",\\"**/*.d.ts\\",\\"test{,s}/**\\",\\"test{,-*}.{js,cjs,mjs,ts,tsx,jsx}\\",\\"**/*{.,-}test.{js,cjs,mjs,ts,tsx,jsx}\\",\\"**/__tests__/**\\",\\"**/{ava,babel,nyc}.config.{js,cjs,mjs}\\",\\"**/jest.config.{js,cjs,mjs,ts}\\",\\"**/{karma,rollup,webpack}.config.js\\",\\"**/.{eslint,mocha}rc.{js,cjs}\\"]]-e,--extensionalistofspecificfileextensionsthatshouldbecovered[default:[\\".js\\",\\".cjs\\",\\".mjs\\",\\".ts\\",\\".tsx\\",\\".jsx\\"]]-a,--exclude-after-remapapplyexcludelogictofilesaftertheyareremappedbyasource-map[boolean][default:false]--skip-fulldonotshowfileswith100%statement,branch,andfunctioncoverage[boolean][default:false]Coveragethresholds--check-coveragecheckwhethercoverageiswithinthresholdsprovided[boolean][default:false]--brancheswhat%ofbranchesmustbecovered?[number][default:0]--functionswhat%offunctionsmustbecovered?[number][default:0]--lineswhat%oflinesmustbecovered?[number][default:90]--statementswhat%ofstatementsmustbecovered?[number][default:0]--per-filecheckthresholdsperfile[boolean][default:false]--100shortcutfor--check-coverage--lines100--functions100--branches100--statements100[boolean][default:false]Options:--helpShowhelp[boolean]--versionShowversionnumber[boolean]-c,--configpathtoJSONconfigurationfile[default:(default)]--exclude-node-moduleswhetherornottoexcludeallnode_modulefolders(i.e.**/node_modules/**)bydefault[boolean][default:true]--temp-directorydirectoryV8coveragedataiswrittentoandreadfrom[default:\\"./coverage/tmp\\"]--cleanshouldtempfilesbedeletedbeforescriptexecution[boolean][default:true]--resolveresolvepathstoalternatebasedirectory[default:\\"\\"]--wrapper-lengthhowmanybytesisthewrapperprefixonexecutedJavaScript[number]--omit-relativeomitanypathsthatarenotabsolute,e.g.,internal/net.js[boolean][default:true]--allowExternalsupplying--allowExternalwillcausec8toallowfilesfromoutsideofyourcwd.Thisappliesbothtofilesdiscoveredincoveragetempfilesandalsosrcfilesdiscoveredifusingthe--allflag.[boolean][default:false]--merge-asyncsupplying--merge-asyncwillmergeallv8coveragereportsasynchronouslyandincrementally.ThisistoavoidOOMissueswithNode.jsruntime.[boolean][default:false]--print-configPrintthederivedconfigurationbetweencommandlineparametersandloadedconfigurationfile[boolean][default:false]--print-config-formatFormattoprinttheconfigurationin.Acceptedformatsareeithertextorjson[string][choices:\\"text\\",\\"json\\"][default:\\"text\\"]visithttps://git.io/vHysAforlistofavailablereporters"`;

exports[`ensure warning message 1`] = `""`;
