// Jest Snapshot v1, https://goo.gl/fbAQLP

exports[`c8 /* c8 ignore next */ does not incorrectly mark previous branch as uncovered (see #254) 1`] = `
",--------------|---------|----------|---------|---------|-------------------
File          | % Stmts | % Branch | % Funcs | % Lines | Uncovered Line #s 
--------------|---------|----------|---------|---------|-------------------
All files     |     100 |    66.67 |     100 |     100 |                   
 issue-254.js |     100 |    66.67 |     100 |     100 | 2                 
--------------|---------|----------|---------|---------|-------------------
,"
`;

exports[`c8 /* c8 ignore next */ ignores lines with special comment 1`] = `
",covered
covered
--------------------------|---------|----------|---------|---------|--------------------------------
File                      | % Stmts | % Branch | % Funcs | % Lines | Uncovered Line #s              
--------------------------|---------|----------|---------|---------|--------------------------------
All files                 |    76.3 |     61.9 |   68.57 |    76.3 |                                
 bin                      |   78.85 |       60 |   66.67 |   78.85 |                                
  c8.js                   |   78.85 |       60 |   66.67 |   78.85 | 22,27-29,32-33,41-43,50-51     
 lib                      |   80.89 |     53.7 |   84.21 |   80.89 |                                
  is-cjs-esm-bridge.js    |      90 |       25 |     100 |      90 | 9                              
  parse-args.js           |   96.13 |    45.45 |     100 |   96.13 | 109-110,118-119,132-133        
  report.js               |   75.44 |    61.76 |   84.62 |   75.44 | ...167,173-206,237-238,266-268 
  source-map-from-file.js |      44 |      100 |       0 |      44 | 10-23                          
 lib/commands             |   44.44 |       75 |   16.67 |   44.44 |                                
  check-coverage.js       |   21.31 |      100 |       0 |   21.31 | 9-11,14-27,30-44,46-61         
  report.js               |    93.1 |    71.43 |      50 |    93.1 | 9-10                           
 test/fixtures            |   86.21 |    91.67 |   71.43 |   86.21 |                                
  async.js                |     100 |      100 |     100 |     100 |                                
  c8-ignore-next.js       |   90.91 |      100 |     100 |   90.91 | 21-22                          
  normal.js               |      75 |    66.67 |   33.33 |      75 | 14-16,18-20                    
--------------------------|---------|----------|---------|---------|--------------------------------
,"
`;

exports[`c8 --all reports coverage for unloaded js files as 0 for line, branch and function 1`] = `
",zero
positive
negative
--------------|---------|----------|---------|---------|-------------------
File          | % Stmts | % Branch | % Funcs | % Lines | Uncovered Line #s 
--------------|---------|----------|---------|---------|-------------------
All files     |   64.29 |    66.67 |      50 |   64.29 |                   
 vanilla      |   78.26 |       75 |     100 |   78.26 |                   
  loaded.js   |   73.68 |    71.43 |     100 |   73.68 | 4-5,16-18         
  main.js     |     100 |      100 |     100 |     100 |                   
 vanilla/dir  |       0 |        0 |       0 |       0 |                   
  unloaded.js |       0 |        0 |       0 |       0 | 1-5               
--------------|---------|----------|---------|---------|-------------------
,"
`;

exports[`c8 --all reports coverage for unloaded transpiled ts files as 0 for line, branch and function 1`] = `
",zero
positive
negative
-----------------|---------|----------|---------|---------|-------------------
File             | % Stmts | % Branch | % Funcs | % Lines | Uncovered Line #s 
-----------------|---------|----------|---------|---------|-------------------
All files        |   64.29 |    66.67 |      50 |   64.29 |                   
 ts-compiled     |   78.26 |       75 |     100 |   78.26 |                   
  loaded.ts      |   73.68 |    71.43 |     100 |   73.68 | 4-5,16-18         
  main.ts        |     100 |      100 |     100 |     100 |                   
 ts-compiled/dir |       0 |        0 |       0 |       0 |                   
  unloaded.ts    |       0 |        0 |       0 |       0 | 1-5               
-----------------|---------|----------|---------|---------|-------------------
,"
`;

exports[`c8 --all reports coverage for unloaded ts files as 0 for line, branch and function when using ts-node 1`] = `
",zero
positive
negative
--------------|---------|----------|---------|---------|-------------------
File          | % Stmts | % Branch | % Funcs | % Lines | Uncovered Line #s 
--------------|---------|----------|---------|---------|-------------------
All files     |   78.57 |       75 |      50 |   78.57 |                   
 ts-only      |   95.65 |    85.71 |     100 |   95.65 |                   
  loaded.ts   |   94.74 |    83.33 |     100 |   94.74 | 9                 
  main.ts     |     100 |      100 |     100 |     100 |                   
 ts-only/dir  |       0 |        0 |       0 |       0 |                   
  unloaded.ts |       0 |        0 |       0 |       0 | 1-5               
--------------|---------|----------|---------|---------|-------------------
,"
`;

exports[`c8 --all should allow for --all to be used in conjunction with --check-coverage 1`] = `
",zero
positive
negative
--------------|---------|----------|---------|---------|-------------------
File          | % Stmts | % Branch | % Funcs | % Lines | Uncovered Line #s 
--------------|---------|----------|---------|---------|-------------------
All files     |   64.29 |    66.67 |      50 |   64.29 |                   
 vanilla      |   78.26 |       75 |     100 |   78.26 |                   
  loaded.js   |   73.68 |    71.43 |     100 |   73.68 | 4-5,16-18         
  main.js     |     100 |      100 |     100 |     100 |                   
 vanilla/dir  |       0 |        0 |       0 |       0 |                   
  unloaded.js |       0 |        0 |       0 |       0 | 1-5               
--------------|---------|----------|---------|---------|-------------------
,ERROR: Coverage for lines (64.29%) does not meet global threshold (100%)
ERROR: Coverage for branches (66.67%) does not meet global threshold (82%)
ERROR: Coverage for statements (64.29%) does not meet global threshold (96%)
"
`;

exports[`c8 --all should allow for --all to be used with the check-coverage command (2 invocations) 1`] = `
",,ERROR: Coverage for lines (64.29%) does not meet global threshold (90%)
ERROR: Coverage for branches (66.67%) does not meet global threshold (82%)
ERROR: Coverage for statements (64.29%) does not meet global threshold (96%)
"
`;

exports[`c8 ESM Modules collects coverage for ESM modules 1`] = `
",----------|---------|----------|---------|---------|-------------------
File      | % Stmts | % Branch | % Funcs | % Lines | Uncovered Line #s 
----------|---------|----------|---------|---------|-------------------
All files |       0 |        0 |       0 |       0 |                   
----------|---------|----------|---------|---------|-------------------
,Error [ERR_UNKNOWN_FILE_EXTENSION]: Unknown file extension: /Users/bencoe/oss/c8/test/fixtures/export.cjs
    at Loader.resolve [as _resolve] (internal/modules/esm/default_resolve.js:93:13)
    at Loader.resolve (internal/modules/esm/loader.js:58:33)
    at Loader.getModuleJob (internal/modules/esm/loader.js:113:40)
    at ModuleWrap.promises.module.link (internal/modules/esm/module_job.js:32:40)
    at link (internal/modules/esm/module_job.js:31:36)
"
`;

exports[`c8 check-coverage allows --check-coverage when executing script 1`] = `
",hey
i am a line of code
what
hey
what
hey
what
hey
--------------------------|---------|----------|---------|---------|--------------------------------
File                      | % Stmts | % Branch | % Funcs | % Lines | Uncovered Line #s              
--------------------------|---------|----------|---------|---------|--------------------------------
All files                 |   75.81 |    59.49 |   67.65 |   75.81 |                                
 bin                      |   78.85 |       60 |   66.67 |   78.85 |                                
  c8.js                   |   78.85 |       60 |   66.67 |   78.85 | 22,27-29,32-33,41-43,50-51     
 lib                      |   80.89 |     53.7 |   84.21 |   80.89 |                                
  is-cjs-esm-bridge.js    |      90 |       25 |     100 |      90 | 9                              
  parse-args.js           |   96.13 |    45.45 |     100 |   96.13 | 109-110,118-119,132-133        
  report.js               |   75.44 |    61.76 |   84.62 |   75.44 | ...167,173-206,237-238,266-268 
  source-map-from-file.js |      44 |      100 |       0 |      44 | 10-23                          
 lib/commands             |   44.44 |       75 |   16.67 |   44.44 |                                
  check-coverage.js       |   21.31 |      100 |       0 |   21.31 | 9-11,14-27,30-44,46-61         
  report.js               |    93.1 |    71.43 |      50 |    93.1 | 9-10                           
 test/fixtures            |   83.33 |    85.71 |   66.67 |   83.33 |                                
  async.js                |     100 |      100 |     100 |     100 |                                
  normal.js               |      75 |    66.67 |   33.33 |      75 | 14-16,18-20                    
--------------------------|---------|----------|---------|---------|--------------------------------
,ERROR: Coverage for lines (75.81%) does not meet global threshold (101%)
ERROR: Coverage for branches (59.49%) does not meet global threshold (82%)
ERROR: Coverage for statements (75.81%) does not meet global threshold (96%)
"
`;

exports[`c8 check-coverage allows threshold to be applied on per-file basis 1`] = `
",,ERROR: Coverage for lines (78.85%) does not meet threshold (101%) for bin/c8.js
ERROR: Coverage for branches (60%) does not meet threshold (82%) for bin/c8.js
ERROR: Coverage for statements (78.85%) does not meet threshold (96%) for bin/c8.js
ERROR: Coverage for lines (21.31%) does not meet threshold (101%) for lib/commands/check-coverage.js
ERROR: Coverage for statements (21.31%) does not meet threshold (96%) for lib/commands/check-coverage.js
ERROR: Coverage for lines (93.1%) does not meet threshold (101%) for lib/commands/report.js
ERROR: Coverage for branches (71.43%) does not meet threshold (82%) for lib/commands/report.js
ERROR: Coverage for statements (93.1%) does not meet threshold (96%) for lib/commands/report.js
ERROR: Coverage for lines (90%) does not meet threshold (101%) for lib/is-cjs-esm-bridge.js
ERROR: Coverage for branches (25%) does not meet threshold (82%) for lib/is-cjs-esm-bridge.js
ERROR: Coverage for statements (90%) does not meet threshold (96%) for lib/is-cjs-esm-bridge.js
ERROR: Coverage for lines (96.13%) does not meet threshold (101%) for lib/parse-args.js
ERROR: Coverage for branches (45.45%) does not meet threshold (82%) for lib/parse-args.js
ERROR: Coverage for lines (75.44%) does not meet threshold (101%) for lib/report.js
ERROR: Coverage for branches (61.76%) does not meet threshold (82%) for lib/report.js
ERROR: Coverage for statements (75.44%) does not meet threshold (96%) for lib/report.js
ERROR: Coverage for lines (44%) does not meet threshold (101%) for lib/source-map-from-file.js
ERROR: Coverage for statements (44%) does not meet threshold (96%) for lib/source-map-from-file.js
ERROR: Coverage for lines (100%) does not meet threshold (101%) for test/fixtures/async.js
ERROR: Coverage for lines (75%) does not meet threshold (101%) for test/fixtures/normal.js
ERROR: Coverage for branches (66.67%) does not meet threshold (82%) for test/fixtures/normal.js
ERROR: Coverage for statements (75%) does not meet threshold (96%) for test/fixtures/normal.js
"
`;

exports[`c8 check-coverage exits with 0 if coverage within threshold 1`] = `",,"`;

exports[`c8 check-coverage exits with 1 if coverage is below threshold 1`] = `
",,ERROR: Coverage for lines (75.81%) does not meet global threshold (101%)
ERROR: Coverage for branches (59.49%) does not meet global threshold (82%)
ERROR: Coverage for statements (75.81%) does not meet global threshold (96%)
"
`;

exports[`c8 cobertura report escapes special characters 1`] = `
"<?xml version=\\"1.0\\" ?>
<!DOCTYPE coverage SYSTEM \\"http://cobertura.sourceforge.net/xml/coverage-04.dtd\\">
<coverage lines-valid=\\"15\\" lines-covered=\\"15\\" line-rate=\\"1\\" branches-valid=\\"4\\" branches-covered=\\"4\\" branch-rate=\\"1\\" timestamp=\\"nnnn\\" complexity=\\"0\\" version=\\"0.1\\">
  <sources>
    <source>/foo/file</source>
  </sources>
  <packages>
    <class name=\\"computed-method.js\\" filename=\\"test/fixtures/computed-method.js\\" line-rate=\\"1\\" branch-rate=\\"1\\">
      <methods>
        <method name=\\"Test\\" hits=\\"1\\" signature=\\"()V\\">
          <lines>
            <line number=\\"2\\" hits=\\"1\\"/>
          </lines>
        </method>
        <method name=\\"run\\" hits=\\"1\\" signature=\\"()V\\">
          <lines>
            <line number=\\"6\\" hits=\\"1\\"/>
          </lines>
        </method>
        <method name=\\"map.(anonymous function).f\\" hits=\\"1\\" signature=\\"()V\\">
          <lines>
            <line number=\\"8\\" hits=\\"1\\"/>
          </lines>
        </method>
      </methods>
      <lines>
        <line number=\\"1\\" hits=\\"1\\" branch=\\"true\\" condition-coverage=\\"100% (1/1)\\"/>
        <line number=\\"2\\" hits=\\"1\\" branch=\\"true\\" condition-coverage=\\"100% (1/1)\\"/>
        <line number=\\"3\\" hits=\\"1\\" branch=\\"false\\"/>
        <line number=\\"4\\" hits=\\"1\\" branch=\\"false\\"/>
        <line number=\\"5\\" hits=\\"1\\" branch=\\"false\\"/>
        <line number=\\"6\\" hits=\\"1\\" branch=\\"true\\" condition-coverage=\\"100% (1/1)\\"/>
        <line number=\\"7\\" hits=\\"1\\" branch=\\"false\\"/>
        <line number=\\"8\\" hits=\\"1\\" branch=\\"true\\" condition-coverage=\\"100% (1/1)\\"/>
        <line number=\\"9\\" hits=\\"1\\" branch=\\"false\\"/>
        <line number=\\"10\\" hits=\\"1\\" branch=\\"false\\"/>
        <line number=\\"11\\" hits=\\"1\\" branch=\\"false\\"/>
        <line number=\\"12\\" hits=\\"1\\" branch=\\"false\\"/>
        <line number=\\"13\\" hits=\\"1\\" branch=\\"false\\"/>
        <line number=\\"14\\" hits=\\"1\\" branch=\\"false\\"/>
        <line number=\\"15\\" hits=\\"1\\" branch=\\"false\\"/>
      </lines>
    </class>
  </packages>
</coverage>
"
`;

exports[`c8 merges reports from subprocesses together 1`] = `
",first

second

-------------------|---------|----------|---------|---------|-------------------
File               | % Stmts | % Branch | % Funcs | % Lines | Uncovered Line #s 
-------------------|---------|----------|---------|---------|-------------------
All files          |     100 |      100 |     100 |     100 |                   
 multiple-spawn.js |     100 |      100 |     100 |     100 |                   
 subprocess.js     |     100 |      100 |     100 |     100 |                   
-------------------|---------|----------|---------|---------|-------------------
,"
`;

exports[`c8 report generates report from existing temporary files 1`] = `
",--------------------------|---------|----------|---------|---------|--------------------------------
File                      | % Stmts | % Branch | % Funcs | % Lines | Uncovered Line #s              
--------------------------|---------|----------|---------|---------|--------------------------------
All files                 |   75.81 |    59.49 |   67.65 |   75.81 |                                
 bin                      |   78.85 |       60 |   66.67 |   78.85 |                                
  c8.js                   |   78.85 |       60 |   66.67 |   78.85 | 22,27-29,32-33,41-43,50-51     
 lib                      |   80.89 |     53.7 |   84.21 |   80.89 |                                
  is-cjs-esm-bridge.js    |      90 |       25 |     100 |      90 | 9                              
  parse-args.js           |   96.13 |    45.45 |     100 |   96.13 | 109-110,118-119,132-133        
  report.js               |   75.44 |    61.76 |   84.62 |   75.44 | ...167,173-206,237-238,266-268 
  source-map-from-file.js |      44 |      100 |       0 |      44 | 10-23                          
 lib/commands             |   44.44 |       75 |   16.67 |   44.44 |                                
  check-coverage.js       |   21.31 |      100 |       0 |   21.31 | 9-11,14-27,30-44,46-61         
  report.js               |    93.1 |    71.43 |      50 |    93.1 | 9-10                           
 test/fixtures            |   83.33 |    85.71 |   66.67 |   83.33 |                                
  async.js                |     100 |      100 |     100 |     100 |                                
  normal.js               |      75 |    66.67 |   33.33 |      75 | 14-16,18-20                    
--------------------------|---------|----------|---------|---------|--------------------------------
,"
`;

exports[`c8 report supports --check-coverage, when generating reports 1`] = `
",--------------------------|---------|----------|---------|---------|--------------------------------
File                      | % Stmts | % Branch | % Funcs | % Lines | Uncovered Line #s              
--------------------------|---------|----------|---------|---------|--------------------------------
All files                 |   75.81 |    59.49 |   67.65 |   75.81 |                                
 bin                      |   78.85 |       60 |   66.67 |   78.85 |                                
  c8.js                   |   78.85 |       60 |   66.67 |   78.85 | 22,27-29,32-33,41-43,50-51     
 lib                      |   80.89 |     53.7 |   84.21 |   80.89 |                                
  is-cjs-esm-bridge.js    |      90 |       25 |     100 |      90 | 9                              
  parse-args.js           |   96.13 |    45.45 |     100 |   96.13 | 109-110,118-119,132-133        
  report.js               |   75.44 |    61.76 |   84.62 |   75.44 | ...167,173-206,237-238,266-268 
  source-map-from-file.js |      44 |      100 |       0 |      44 | 10-23                          
 lib/commands             |   44.44 |       75 |   16.67 |   44.44 |                                
  check-coverage.js       |   21.31 |      100 |       0 |   21.31 | 9-11,14-27,30-44,46-61         
  report.js               |    93.1 |    71.43 |      50 |    93.1 | 9-10                           
 test/fixtures            |   83.33 |    85.71 |   66.67 |   83.33 |                                
  async.js                |     100 |      100 |     100 |     100 |                                
  normal.js               |      75 |    66.67 |   33.33 |      75 | 14-16,18-20                    
--------------------------|---------|----------|---------|---------|--------------------------------
,ERROR: Coverage for lines (75.81%) does not meet global threshold (101%)
ERROR: Coverage for branches (59.49%) does not meet global threshold (82%)
ERROR: Coverage for statements (75.81%) does not meet global threshold (96%)
"
`;

exports[`c8 report supports reporting on directories outside cwd 1`] = `
",-----------|---------|----------|---------|---------|-------------------
File       | % Stmts | % Branch | % Funcs | % Lines | Uncovered Line #s 
-----------|---------|----------|---------|---------|-------------------
All files  |       0 |        0 |       0 |       0 |                   
 multidir1 |       0 |        0 |       0 |       0 |                   
  file1.js |       0 |        0 |       0 |       0 | 1                 
 multidir2 |       0 |        0 |       0 |       0 |                   
  file2.js |       0 |        0 |       0 |       0 | 1                 
-----------|---------|----------|---------|---------|-------------------
,"
`;

exports[`c8 report supports reporting on single directories outside cwd 1`] = `
",----------|---------|----------|---------|---------|-------------------
File      | % Stmts | % Branch | % Funcs | % Lines | Uncovered Line #s 
----------|---------|----------|---------|---------|-------------------
All files |       0 |        0 |       0 |       0 |                   
 file1.js |       0 |        0 |       0 |       0 | 1                 
----------|---------|----------|---------|---------|-------------------
,"
`;

exports[`c8 reports coverage for script that exits normally 1`] = `
",hey
i am a line of code
what
hey
what
hey
what
hey
-----------|---------|----------|---------|---------|-------------------
File       | % Stmts | % Branch | % Funcs | % Lines | Uncovered Line #s 
-----------|---------|----------|---------|---------|-------------------
All files  |   83.33 |    85.71 |   66.67 |   83.33 |                   
 async.js  |     100 |      100 |     100 |     100 |                   
 normal.js |      75 |    66.67 |   33.33 |      75 | 14-16,18-20       
-----------|---------|----------|---------|---------|-------------------
,"
`;

exports[`c8 should allow for files outside of cwd 1`] = `
",hi
-------------------|---------|----------|---------|---------|-------------------
File               | % Stmts | % Branch | % Funcs | % Lines | Uncovered Line #s 
-------------------|---------|----------|---------|---------|-------------------
All files          |     100 |      100 |     100 |     100 |                   
 multidir1         |     100 |      100 |     100 |     100 |                   
  file1.js         |     100 |      100 |     100 |     100 |                   
 report            |     100 |      100 |     100 |     100 |                   
  allowExternal.js |     100 |      100 |     100 |     100 |                   
-------------------|---------|----------|---------|---------|-------------------
,"
`;

exports[`c8 should allow for multiple overrides of src location for --all 1`] = `
",hihi
--------------------------------|---------|----------|---------|---------|-------------------
File                            | % Stmts | % Branch | % Funcs | % Lines | Uncovered Line #s 
--------------------------------|---------|----------|---------|---------|-------------------
All files                       |    3.57 |    16.67 |       0 |    3.57 |                   
 multidir1                      |       0 |        0 |       0 |       0 |                   
  file1.js                      |       0 |        0 |       0 |       0 | 1                 
 multidir2                      |       0 |        0 |       0 |       0 |                   
  file2.js                      |       0 |        0 |       0 |       0 | 1                 
 report                         |    3.85 |       25 |       0 |    3.85 |                   
  allowExternal.js              |       0 |        0 |       0 |       0 | 1                 
  report-multi-dir-external.js  |       0 |        0 |       0 |       0 | 1-12              
  report-single-dir-external.js |       0 |        0 |       0 |       0 | 1-12              
  srcOverride.js                |     100 |      100 |     100 |     100 |                   
--------------------------------|---------|----------|---------|---------|-------------------
,"
`;

exports[`c8 source-maps TypeScript remaps branches 1`] = `
",reachable
a = true
a = false
------------------------|---------|----------|---------|---------|-------------------
File                    | % Stmts | % Branch | % Funcs | % Lines | Uncovered Line #s 
------------------------|---------|----------|---------|---------|-------------------
All files               |      84 |    57.14 |     100 |      84 |                   
 branches.typescript.ts |      84 |    57.14 |     100 |      84 | 7,11-12,18        
------------------------|---------|----------|---------|---------|-------------------
,"
`;

exports[`c8 source-maps TypeScript remaps classes 1`] = `
",covered
covered
covered
covered
covered
-----------------------|---------|----------|---------|---------|-------------------
File                   | % Stmts | % Branch | % Funcs | % Lines | Uncovered Line #s 
-----------------------|---------|----------|---------|---------|-------------------
All files              |   81.82 |     87.5 |      60 |   81.82 |                   
 classes.typescript.ts |   81.82 |     87.5 |      60 |   81.82 | 12-13,21-22,27-28 
-----------------------|---------|----------|---------|---------|-------------------
,"
`;

exports[`c8 source-maps UglifyJS remaps branches 1`] = `
",reachable
a = true
a = false
-------------|---------|----------|---------|---------|-------------------
File         | % Stmts | % Branch | % Funcs | % Lines | Uncovered Line #s 
-------------|---------|----------|---------|---------|-------------------
All files    |      80 |       50 |     100 |      80 |                   
 branches.js |      80 |       50 |     100 |      80 | 2,5-6,13          
-------------|---------|----------|---------|---------|-------------------
,"
`;

exports[`c8 source-maps UglifyJS remaps classes 1`] = `
",covered
covered
covered
covered
covered
------------|---------|----------|---------|---------|-------------------
File        | % Stmts | % Branch | % Funcs | % Lines | Uncovered Line #s 
------------|---------|----------|---------|---------|-------------------
All files   |   85.19 |    83.33 |      60 |   85.19 |                   
 classes.js |   85.19 |    83.33 |      60 |   85.19 | 6-7,15,21         
------------|---------|----------|---------|---------|-------------------
,"
`;

exports[`c8 source-maps does not attempt to load source map URLs that aren't 1`] = `
",--------------------|---------|----------|---------|---------|-------------------
File                | % Stmts | % Branch | % Funcs | % Lines | Uncovered Line #s 
--------------------|---------|----------|---------|---------|-------------------
All files           |   71.43 |       50 |     100 |   71.43 |                   
 fake-source-map.js |   71.43 |       50 |     100 |   71.43 | 5-6               
--------------------|---------|----------|---------|---------|-------------------
,"
`;

exports[`c8 source-maps nyc remaps branches 1`] = `
",reachable
a = true
a = false
-------------|---------|----------|---------|---------|-------------------
File         | % Stmts | % Branch | % Funcs | % Lines | Uncovered Line #s 
-------------|---------|----------|---------|---------|-------------------
All files    |      80 |    55.56 |     100 |      80 |                   
 branches.js |      80 |    55.56 |     100 |      80 | 2,6-7,13          
-------------|---------|----------|---------|---------|-------------------
,"
`;

exports[`c8 source-maps nyc remaps classes 1`] = `
",covered
covered
covered
covered
covered
------------|---------|----------|---------|---------|-------------------
File        | % Stmts | % Branch | % Funcs | % Lines | Uncovered Line #s 
------------|---------|----------|---------|---------|-------------------
All files   |   77.78 |       80 |   71.43 |   77.78 |                   
 classes.js |   77.78 |       80 |   71.43 |   77.78 | 7-8,15-16,21-22   
------------|---------|----------|---------|---------|-------------------
,"
`;

exports[`c8 source-maps rollup remaps branches 1`] = `
",reachable
a = true
a = false
-------------|---------|----------|---------|---------|-------------------
File         | % Stmts | % Branch | % Funcs | % Lines | Uncovered Line #s 
-------------|---------|----------|---------|---------|-------------------
All files    |     100 |      100 |     100 |     100 |                   
 branch-1.js |     100 |      100 |     100 |     100 |                   
 branch-2.js |     100 |      100 |     100 |     100 |                   
-------------|---------|----------|---------|---------|-------------------
,"
`;

exports[`c8 source-maps rollup remaps classes 1`] = `
",covered
covered
covered
covered
covered
------------|---------|----------|---------|---------|-------------------
File        | % Stmts | % Branch | % Funcs | % Lines | Uncovered Line #s 
------------|---------|----------|---------|---------|-------------------
All files   |   78.57 |    85.71 |      60 |   78.57 |                   
 class-1.js |     100 |      100 |     100 |     100 |                   
 class-2.js |   73.91 |    85.71 |      60 |   73.91 | 7-8,15-16,21-22   
------------|---------|----------|---------|---------|-------------------
,"
`;

exports[`c8 source-maps ts-node reads source-map from cache, and applies to coverage 1`] = `
",covered
covered
covered
covered
covered
------------------|---------|----------|---------|---------|-------------------
File              | % Stmts | % Branch | % Funcs | % Lines | Uncovered Line #s 
------------------|---------|----------|---------|---------|-------------------
All files         |   79.41 |    85.71 |   66.67 |   79.41 |                   
 ts-node-basic.ts |   79.41 |    85.71 |   66.67 |   79.41 | 15-17,29-32       
------------------|---------|----------|---------|---------|-------------------
,"
`;

exports[`c8 supports exeternally set NODE_V8_COVERAGE 1`] = `
",hey
i am a line of code
what
hey
what
hey
what
hey
-----------|---------|----------|---------|---------|-------------------
File       | % Stmts | % Branch | % Funcs | % Lines | Uncovered Line #s 
-----------|---------|----------|---------|---------|-------------------
All files  |   83.33 |    85.71 |   66.67 |   83.33 |                   
 async.js  |     100 |      100 |     100 |     100 |                   
 normal.js |      75 |    66.67 |   33.33 |      75 | 14-16,18-20       
-----------|---------|----------|---------|---------|-------------------
,"
`;

exports[`c8 ts-node reads source-map from cache, and applies to coverage 1`] = `
",covered
covered
covered
covered
covered
------------------|---------|----------|---------|---------|-------------------
File              | % Stmts | % Branch | % Funcs | % Lines | Uncovered Line #s 
------------------|---------|----------|---------|---------|-------------------
All files         |   79.41 |    85.71 |   66.67 |   79.41 |                   
 ts-node-basic.ts |   79.41 |    85.71 |   66.67 |   79.41 | 15-17,29-32       
------------------|---------|----------|---------|---------|-------------------
,"
`;
